Tue Aug  4 23:00:30 IST 2026 START nvidia-cuda-nvrtc-cu12==12.4.127
Saved ./wheelhouse/nvidia_cuda_nvrtc_cu12-12.4.127-py3-none-manylinux2014_x86_64.whl
Successfully downloaded nvidia-cuda-nvrtc-cu12

[notice] A new release of pip is available: 25.3 -> 26.2
[notice] To update, run: pip3 install --upgrade pip
Tue Aug  4 23:00:32 IST 2026 DONE nvidia-cuda-nvrtc-cu12==12.4.127 wheels=       4
Tue Aug  4 23:00:32 IST 2026 START nvidia-cuda-runtime-cu12==12.4.127
Saved ./wheelhouse/nvidia_cuda_runtime_cu12-12.4.127-py3-none-manylinux2014_x86_64.whl
Successfully downloaded nvidia-cuda-runtime-cu12

[notice] A new release of pip is available: 25.3 -> 26.2
[notice] To update, run: pip3 install --upgrade pip
Tue Aug  4 23:00:33 IST 2026 DONE nvidia-cuda-runtime-cu12==12.4.127 wheels=       5
Tue Aug  4 23:00:33 IST 2026 START nvidia-cuda-cupti-cu12==12.4.127
Saved ./wheelhouse/nvidia_cuda_cupti_cu12-12.4.127-py3-none-manylinux2014_x86_64.whl
Successfully downloaded nvidia-cuda-cupti-cu12

[notice] A new release of pip is available: 25.3 -> 26.2
[notice] To update, run: pip3 install --upgrade pip
Tue Aug  4 23:00:37 IST 2026 DONE nvidia-cuda-cupti-cu12==12.4.127 wheels=       6
Tue Aug  4 23:00:37 IST 2026 START nvidia-cudnn-cu12==9.1.0.70
Saved ./wheelhouse/nvidia_cudnn_cu12-9.1.0.70-py3-none-manylinux2014_x86_64.whl
Successfully downloaded nvidia-cudnn-cu12

[notice] A new release of pip is available: 25.3 -> 26.2
[notice] To update, run: pip3 install --upgrade pip
Tue Aug  4 23:05:09 IST 2026 DONE nvidia-cudnn-cu12==9.1.0.70 wheels=       7
Tue Aug  4 23:05:09 IST 2026 START nvidia-cublas-cu12==12.4.5.8
Saved ./wheelhouse/nvidia_cublas_cu12-12.4.5.8-py3-none-manylinux2014_x86_64.whl
Successfully downloaded nvidia-cublas-cu12

[notice] A new release of pip is available: 25.3 -> 26.2
[notice] To update, run: pip3 install --upgrade pip
Tue Aug  4 23:08:01 IST 2026 DONE nvidia-cublas-cu12==12.4.5.8 wheels=       8
Tue Aug  4 23:08:01 IST 2026 START nvidia-cufft-cu12==11.2.1.3
Saved ./wheelhouse/nvidia_cufft_cu12-11.2.1.3-py3-none-manylinux2014_x86_64.whl
Successfully downloaded nvidia-cufft-cu12

[notice] A new release of pip is available: 25.3 -> 26.2
[notice] To update, run: pip3 install --upgrade pip
Tue Aug  4 23:08:50 IST 2026 DONE nvidia-cufft-cu12==11.2.1.3 wheels=       9
Tue Aug  4 23:08:50 IST 2026 START nvidia-curand-cu12==10.3.5.147
Saved ./wheelhouse/nvidia_curand_cu12-10.3.5.147-py3-none-manylinux2014_x86_64.whl
Successfully downloaded nvidia-curand-cu12

[notice] A new release of pip is available: 25.3 -> 26.2
[notice] To update, run: pip3 install --upgrade pip
Tue Aug  4 23:09:01 IST 2026 DONE nvidia-curand-cu12==10.3.5.147 wheels=      10
Tue Aug  4 23:09:02 IST 2026 START nvidia-cusolver-cu12==11.6.1.9
Saved ./wheelhouse/nvidia_cusolver_cu12-11.6.1.9-py3-none-manylinux2014_x86_64.whl
Successfully downloaded nvidia-cusolver-cu12

[notice] A new release of pip is available: 25.3 -> 26.2
[notice] To update, run: pip3 install --upgrade pip
Tue Aug  4 23:09:11 IST 2026 DONE nvidia-cusolver-cu12==11.6.1.9 wheels=      11
Tue Aug  4 23:09:11 IST 2026 START nvidia-cusparse-cu12==12.3.1.170
Saved ./wheelhouse/nvidia_cusparse_cu12-12.3.1.170-py3-none-manylinux2014_x86_64.whl
Successfully downloaded nvidia-cusparse-cu12

[notice] A new release of pip is available: 25.3 -> 26.2
[notice] To update, run: pip3 install --upgrade pip
Tue Aug  4 23:10:04 IST 2026 DONE nvidia-cusparse-cu12==12.3.1.170 wheels=      12
Tue Aug  4 23:10:04 IST 2026 START nvidia-cusparselt-cu12==0.6.2
Saved ./wheelhouse/nvidia_cusparselt_cu12-0.6.2-py3-none-manylinux2014_x86_64.whl
Successfully downloaded nvidia-cusparselt-cu12

[notice] A new release of pip is available: 25.3 -> 26.2
[notice] To update, run: pip3 install --upgrade pip
Tue Aug  4 23:11:21 IST 2026 DONE nvidia-cusparselt-cu12==0.6.2 wheels=      13
Tue Aug  4 23:11:21 IST 2026 START nvidia-nccl-cu12==2.21.5
Saved ./wheelhouse/nvidia_nccl_cu12-2.21.5-py3-none-manylinux2014_x86_64.whl
Successfully downloaded nvidia-nccl-cu12

[notice] A new release of pip is available: 25.3 -> 26.2
[notice] To update, run: pip3 install --upgrade pip
Tue Aug  4 23:12:33 IST 2026 DONE nvidia-nccl-cu12==2.21.5 wheels=      14
Tue Aug  4 23:12:33 IST 2026 START nvidia-nvtx-cu12==12.4.127
Saved ./wheelhouse/nvidia_nvtx_cu12-12.4.127-py3-none-manylinux2014_x86_64.whl
Successfully downloaded nvidia-nvtx-cu12

[notice] A new release of pip is available: 25.3 -> 26.2
[notice] To update, run: pip3 install --upgrade pip
Tue Aug  4 23:12:34 IST 2026 DONE nvidia-nvtx-cu12==12.4.127 wheels=      15
Tue Aug  4 23:12:34 IST 2026 START nvidia-nvjitlink-cu12==12.4.127
Saved ./wheelhouse/nvidia_nvjitlink_cu12-12.4.127-py3-none-manylinux2014_x86_64.whl
Successfully downloaded nvidia-nvjitlink-cu12

[notice] A new release of pip is available: 25.3 -> 26.2
[notice] To update, run: pip3 install --upgrade pip
Tue Aug  4 23:12:38 IST 2026 DONE nvidia-nvjitlink-cu12==12.4.127 wheels=      16
Tue Aug  4 23:12:38 IST 2026 START triton==3.2.0
Saved ./wheelhouse/triton-3.2.0-cp310-cp310-manylinux_2_17_x86_64.manylinux2014_x86_64.whl
Successfully downloaded triton

[notice] A new release of pip is available: 25.3 -> 26.2
[notice] To update, run: pip3 install --upgrade pip
Tue Aug  4 23:13:56 IST 2026 DONE triton==3.2.0 wheels=      17
Tue Aug  4 23:13:56 IST 2026 START numpy==2.2.6
Saved ./wheelhouse/numpy-2.2.6-cp310-cp310-manylinux_2_17_x86_64.manylinux2014_x86_64.whl
Successfully downloaded numpy

[notice] A new release of pip is available: 25.3 -> 26.2
[notice] To update, run: pip3 install --upgrade pip
Tue Aug  4 23:13:58 IST 2026 DONE numpy==2.2.6 wheels=      18
Tue Aug  4 23:13:58 IST 2026 START scipy==1.15.3
Saved ./wheelhouse/scipy-1.15.3-cp310-cp310-manylinux_2_17_x86_64.manylinux2014_x86_64.whl
Successfully downloaded scipy

[notice] A new release of pip is available: 25.3 -> 26.2
[notice] To update, run: pip3 install --upgrade pip
Tue Aug  4 23:14:13 IST 2026 DONE scipy==1.15.3 wheels=      19
Tue Aug  4 23:14:13 IST 2026 START scikit-learn==1.6.1
Saved ./wheelhouse/scikit_learn-1.6.1-cp310-cp310-manylinux_2_17_x86_64.manylinux2014_x86_64.whl
Successfully downloaded scikit-learn

[notice] A new release of pip is available: 25.3 -> 26.2
[notice] To update, run: pip3 install --upgrade pip
Tue Aug  4 23:14:18 IST 2026 DONE scikit-learn==1.6.1 wheels=      20
Tue Aug  4 23:14:18 IST 2026 START pandas==2.2.3
Saved ./wheelhouse/pandas-2.2.3-cp310-cp310-manylinux_2_17_x86_64.manylinux2014_x86_64.whl
Successfully downloaded pandas

[notice] A new release of pip is available: 25.3 -> 26.2
[notice] To update, run: pip3 install --upgrade pip
Tue Aug  4 23:14:21 IST 2026 DONE pandas==2.2.3 wheels=      21
Tue Aug  4 23:14:21 IST 2026 START pillow==11.1.0
Saved ./wheelhouse/pillow-11.1.0-cp310-cp310-manylinux_2_17_x86_64.manylinux2014_x86_64.whl
Successfully downloaded pillow

[notice] A new release of pip is available: 25.3 -> 26.2
[notice] To update, run: pip3 install --upgrade pip
Tue Aug  4 23:14:25 IST 2026 DONE pillow==11.1.0 wheels=      22
Tue Aug  4 23:14:25 IST 2026 START filelock

[notice] A new release of pip is available: 25.3 -> 26.2
[notice] To update, run: pip3 install --upgrade pip
Tue Aug  4 23:14:26 IST 2026 START typing-extensions

[notice] A new release of pip is available: 25.3 -> 26.2
[notice] To update, run: pip3 install --upgrade pip
Tue Aug  4 23:14:33 IST 2026 START sympy

[notice] A new release of pip is available: 25.3 -> 26.2
[notice] To update, run: pip3 install --upgrade pip
Tue Aug  4 23:14:35 IST 2026 START networkx

[notice] A new release of pip is available: 25.3 -> 26.2
[notice] To update, run: pip3 install --upgrade pip
Tue Aug  4 23:14:37 IST 2026 START jinja2

[notice] A new release of pip is available: 25.3 -> 26.2
[notice] To update, run: pip3 install --upgrade pip
Tue Aug  4 23:14:38 IST 2026 START fsspec

[notice] A new release of pip is available: 25.3 -> 26.2
[notice] To update, run: pip3 install --upgrade pip
Tue Aug  4 23:14:40 IST 2026 START mpmath

[notice] A new release of pip is available: 25.3 -> 26.2
[notice] To update, run: pip3 install --upgrade pip
Tue Aug  4 23:14:41 IST 2026 START markupsafe

[notice] A new release of pip is available: 25.3 -> 26.2
[notice] To update, run: pip3 install --upgrade pip
Tue Aug  4 23:14:43 IST 2026 START pytz

[notice] A new release of pip is available: 25.3 -> 26.2
[notice] To update, run: pip3 install --upgrade pip
Tue Aug  4 23:14:44 IST 2026 START python-dateutil

[notice] A new release of pip is available: 25.3 -> 26.2
[notice] To update, run: pip3 install --upgrade pip
Tue Aug  4 23:14:45 IST 2026 START six

[notice] A new release of pip is available: 25.3 -> 26.2
[notice] To update, run: pip3 install --upgrade pip
Tue Aug  4 23:14:47 IST 2026 START threadpoolctl

[notice] A new release of pip is available: 25.3 -> 26.2
[notice] To update, run: pip3 install --upgrade pip
Tue Aug  4 23:14:48 IST 2026 START joblib

[notice] A new release of pip is available: 25.3 -> 26.2
[notice] To update, run: pip3 install --upgrade pip
Tue Aug  4 23:14:49 IST 2026 ALL NVIDIA DEPS DONE count=      35
