[PRE] canonical rows=540; first-540 sha256=1c2e36f9e27c959e535e57b3adf9d919b423b944022fb917ff980614062ca65b
[PRE] snapshot saved -> /tmp/canonical_tau1_first540.json
[PRE] 360 configs missing (seeds 6-9); workers=4
[RUN] ProcessPoolExecutor(workers=4, fork)
[1/360] adult dp a=0.0 s=6 naive acc=0.815 dp=0.1377 if=0.0952 (59s)
[2/360] adult dp a=0.0 s=7 naive acc=0.819 dp=0.1600 if=0.0992 (60s)
[3/360] adult dp a=0.0 s=8 naive acc=0.815 dp=0.1450 if=0.1048 (111s)
[4/360] adult dp a=0.0 s=9 naive acc=0.816 dp=0.1543 if=0.0910 (164s)
[5/360] adult dp a=0.0 s=7 dro acc=0.820 dp=0.1522 if=0.0945 (167s)
[6/360] adult dp a=0.0 s=6 dro acc=0.818 dp=0.1300 if=0.0962 (182s)
[7/360] adult dp a=0.0 s=8 dro acc=0.818 dp=0.1381 if=0.1015 (226s)
[8/360] adult dp a=0.1 s=6 naive acc=0.814 dp=0.1982 if=0.0535 (236s)
[9/360] adult dp a=0.1 s=7 naive acc=0.818 dp=0.2165 if=0.0554 (291s)
[10/360] adult dp a=0.0 s=9 dro acc=0.817 dp=0.1456 if=0.0902 (333s)
[11/360] adult dp a=0.1 s=8 naive acc=0.813 dp=0.1987 if=0.0636 (350s)
[12/360] adult dp a=0.1 s=9 naive acc=0.819 dp=0.2072 if=0.0571 (407s)
[13/360] adult dp a=0.1 s=9 dro acc=0.820 dp=0.2031 if=0.0485 (2073s)
[14/360] adult dp a=0.2 s=6 naive acc=0.760 dp=0.2405 if=0.0559 (2140s)
[15/360] adult dp a=0.1 s=7 dro acc=0.821 dp=0.2132 if=0.0481 (2220s)
[16/360] adult dp a=0.2 s=7 naive acc=0.757 dp=0.2635 if=0.0573 (2266s)
[17/360] adult dp a=0.1 s=6 dro acc=0.815 dp=0.1968 if=0.0468 (2381s)
[18/360] adult dp a=0.1 s=8 dro acc=0.814 dp=0.1983 if=0.0531 (2391s)
[19/360] adult dp a=0.2 s=8 naive acc=0.768 dp=0.2436 if=0.0528 (2448s)
[20/360] adult dp a=0.2 s=9 naive acc=0.776 dp=0.2458 if=0.0540 (2512s)
