Wed Aug  5 00:07:01 IST 2026 puller start
Wed Aug  5 00:07:02 IST 2026 U1=6/90 U2=3/30
Wed Aug  5 00:09:02 IST 2026 U1=6/90 U2=6/30
Wed Aug  5 00:11:03 IST 2026 U1=6/90 U2=6/30
Wed Aug  5 00:13:03 IST 2026 U1=6/90 U2=6/30
Wed Aug  5 00:15:04 IST 2026 U1=6/90 U2=6/30
Wed Aug  5 00:17:04 IST 2026 U1=6/90 U2=6/30
Wed Aug  5 00:19:05 IST 2026 U1=6/90 U2=6/30
Wed Aug  5 00:21:06 IST 2026 U1=6/90 U2=6/30
Wed Aug  5 00:23:06 IST 2026 U1=7/90 U2=6/30
Wed Aug  5 00:25:07 IST 2026 U1=7/90 U2=6/30
Wed Aug  5 00:27:07 IST 2026 U1=7/90 U2=7/30
Wed Aug  5 00:29:08 IST 2026 U1=7/90 U2=7/30
Wed Aug  5 00:31:08 IST 2026 U1=7/90 U2=7/30
Wed Aug  5 00:33:09 IST 2026 U1=7/90 U2=7/30
Wed Aug  5 00:35:09 IST 2026 U1=7/90 U2=7/30
Wed Aug  5 00:37:10 IST 2026 U1=7/90 U2=7/30
Wed Aug  5 00:39:10 IST 2026 U1=7/90 U2=7/30
Wed Aug  5 00:41:11 IST 2026 U1=8/90 U2=7/30
Wed Aug  5 00:43:11 IST 2026 U1=8/90 U2=7/30
Wed Aug  5 00:45:12 IST 2026 U1=8/90 U2=7/30
Wed Aug  5 00:47:12 IST 2026 U1=8/90 U2=8/30
Wed Aug  5 00:49:13 IST 2026 U1=8/90 U2=8/30
Wed Aug  5 00:51:13 IST 2026 U1=8/90 U2=8/30
Wed Aug  5 00:53:14 IST 2026 U1=9/90 U2=8/30
Wed Aug  5 00:55:14 IST 2026 U1=9/90 U2=8/30
Wed Aug  5 00:57:15 IST 2026 U1=9/90 U2=9/30
Wed Aug  5 00:59:16 IST 2026 U1=9/90 U2=9/30
Wed Aug  5 01:01:16 IST 2026 U1=9/90 U2=9/30
Wed Aug  5 01:03:17 IST 2026 U1=9/90 U2=9/30
Wed Aug  5 01:05:17 IST 2026 U1=9/90 U2=9/30
Wed Aug  5 01:07:18 IST 2026 U1=9/90 U2=9/30
Wed Aug  5 01:09:18 IST 2026 U1=9/90 U2=9/30
Wed Aug  5 01:11:19 IST 2026 U1=10/90 U2=9/30
Wed Aug  5 01:13:19 IST 2026 U1=10/90 U2=9/30
Wed Aug  5 01:15:20 IST 2026 U1=10/90 U2=10/30
Wed Aug  5 01:17:20 IST 2026 U1=10/90 U2=10/30
Wed Aug  5 01:19:21 IST 2026 U1=10/90 U2=10/30
Wed Aug  5 01:21:21 IST 2026 U1=10/90 U2=10/30
Wed Aug  5 01:23:22 IST 2026 U1=10/90 U2=10/30
Wed Aug  5 01:25:22 IST 2026 U1=10/90 U2=10/30
Wed Aug  5 01:27:23 IST 2026 U1=10/90 U2=10/30
Wed Aug  5 01:29:23 IST 2026 U1=11/90 U2=10/30
Wed Aug  5 01:31:24 IST 2026 U1=11/90 U2=10/30
Wed Aug  5 01:33:36 IST 2026 U1=11/90 U2=11/30
Wed Aug  5 01:35:36 IST 2026 U1=11/90 U2=11/30
Wed Aug  5 01:37:37 IST 2026 U1=11/90 U2=11/30
Wed Aug  5 01:39:37 IST 2026 U1=11/90 U2=11/30
Wed Aug  5 01:40:02 IST 2026 puller start (independent U1/U2 finalize; poll=120s)
Wed Aug  5 01:40:02 IST 2026 U1=11/90 U2=11/30 u1_done=0 u2_done=0
Wed Aug  5 01:40:03 IST 2026 partial rsync ok U1=11 U2=11
Wed Aug  5 01:42:03 IST 2026 U1=11/90 U2=11/30 u1_done=0 u2_done=0
Wed Aug  5 01:44:04 IST 2026 U1=11/90 U2=11/30 u1_done=0 u2_done=0
Wed Aug  5 01:46:04 IST 2026 U1=11/90 U2=11/30 u1_done=0 u2_done=0
Wed Aug  5 01:48:05 IST 2026 U1=12/90 U2=11/30 u1_done=0 u2_done=0
Wed Aug  5 01:50:05 IST 2026 U1=12/90 U2=11/30 u1_done=0 u2_done=0
Wed Aug  5 01:50:06 IST 2026 partial rsync ok U1=12 U2=11
Wed Aug  5 01:52:06 IST 2026 U1=12/90 U2=12/30 u1_done=0 u2_done=0
Wed Aug  5 01:54:07 IST 2026 U1=12/90 U2=12/30 u1_done=0 u2_done=0
Wed Aug  5 01:56:07 IST 2026 U1=12/90 U2=12/30 u1_done=0 u2_done=0
Wed Aug  5 01:58:08 IST 2026 U1=12/90 U2=12/30 u1_done=0 u2_done=0
Wed Aug  5 02:00:08 IST 2026 U1=12/90 U2=12/30 u1_done=0 u2_done=0
Wed Aug  5 02:00:09 IST 2026 partial rsync ok U1=12 U2=12
Wed Aug  5 02:02:09 IST 2026 U1=12/90 U2=12/30 u1_done=0 u2_done=0
Wed Aug  5 02:04:10 IST 2026 U1=12/90 U2=12/30 u1_done=0 u2_done=0
Wed Aug  5 02:06:11 IST 2026 U1=13/90 U2=12/30 u1_done=0 u2_done=0
Wed Aug  5 02:08:11 IST 2026 U1=13/90 U2=12/30 u1_done=0 u2_done=0
Wed Aug  5 02:10:12 IST 2026 U1=13/90 U2=13/30 u1_done=0 u2_done=0
Wed Aug  5 02:10:12 IST 2026 partial rsync ok U1=13 U2=13
Wed Aug  5 02:12:13 IST 2026 U1=13/90 U2=13/30 u1_done=0 u2_done=0
Wed Aug  5 02:14:13 IST 2026 U1=14/90 U2=13/30 u1_done=0 u2_done=0
Wed Aug  5 02:16:14 IST 2026 U1=14/90 U2=13/30 u1_done=0 u2_done=0
Wed Aug  5 02:18:14 IST 2026 U1=14/90 U2=14/30 u1_done=0 u2_done=0
Wed Aug  5 02:20:15 IST 2026 U1=14/90 U2=14/30 u1_done=0 u2_done=0
Wed Aug  5 02:20:15 IST 2026 partial rsync ok U1=14 U2=14
Wed Aug  5 02:22:16 IST 2026 U1=14/90 U2=14/30 u1_done=0 u2_done=0
Wed Aug  5 02:24:16 IST 2026 U1=14/90 U2=14/30 u1_done=0 u2_done=0
Wed Aug  5 02:26:17 IST 2026 U1=14/90 U2=14/30 u1_done=0 u2_done=0
Wed Aug  5 02:28:17 IST 2026 U1=14/90 U2=14/30 u1_done=0 u2_done=0
Wed Aug  5 02:30:18 IST 2026 U1=14/90 U2=14/30 u1_done=0 u2_done=0
Wed Aug  5 02:30:19 IST 2026 partial rsync ok U1=14 U2=14
Wed Aug  5 02:32:19 IST 2026 U1=14/90 U2=14/30 u1_done=0 u2_done=0
Wed Aug  5 02:34:20 IST 2026 U1=15/90 U2=14/30 u1_done=0 u2_done=0
Wed Aug  5 02:36:21 IST 2026 U1=15/90 U2=15/30 u1_done=0 u2_done=0
Wed Aug  5 02:38:21 IST 2026 U1=15/90 U2=15/30 u1_done=0 u2_done=0
Wed Aug  5 02:39:44 IST 2026 puller start (independent U1/U2 finalize; poll=120s)
Wed Aug  5 02:39:44 IST 2026 U1=15/90 U2=15/30 u1_done=0 u2_done=0
Wed Aug  5 02:39:45 IST 2026 partial rsync ok U1=15 U2=15
Wed Aug  5 02:41:46 IST 2026 U1=15/90 U2=15/30 u1_done=0 u2_done=0
Wed Aug  5 02:43:46 IST 2026 U1=15/90 U2=15/30 u1_done=0 u2_done=0
Wed Aug  5 02:45:47 IST 2026 U1=15/90 U2=15/30 u1_done=0 u2_done=0
Wed Aug  5 02:47:48 IST 2026 U1=15/90 U2=15/30 u1_done=0 u2_done=0
Wed Aug  5 02:49:48 IST 2026 U1=16/90 U2=15/30 u1_done=0 u2_done=0
Wed Aug  5 02:49:49 IST 2026 partial rsync ok U1=16 U2=15
Wed Aug  5 02:51:49 IST 2026 U1=16/90 U2=15/30 u1_done=0 u2_done=0
Wed Aug  5 02:53:50 IST 2026 U1=16/90 U2=16/30 u1_done=0 u2_done=0
Wed Aug  5 02:55:50 IST 2026 U1=16/90 U2=16/30 u1_done=0 u2_done=0
Wed Aug  5 02:57:51 IST 2026 U1=16/90 U2=16/30 u1_done=0 u2_done=0
Wed Aug  5 02:59:52 IST 2026 U1=16/90 U2=16/30 u1_done=0 u2_done=0
Wed Aug  5 02:59:52 IST 2026 partial rsync ok U1=16 U2=16
Wed Aug  5 03:01:53 IST 2026 U1=16/90 U2=16/30 u1_done=0 u2_done=0
Wed Aug  5 03:03:53 IST 2026 U1=16/90 U2=16/30 u1_done=0 u2_done=0
Wed Aug  5 03:05:54 IST 2026 U1=16/90 U2=16/30 u1_done=0 u2_done=0
Wed Aug  5 03:07:55 IST 2026 U1=17/90 U2=16/30 u1_done=0 u2_done=0
Wed Aug  5 03:09:55 IST 2026 U1=17/90 U2=16/30 u1_done=0 u2_done=0
Wed Aug  5 03:09:56 IST 2026 partial rsync ok U1=17 U2=16
Wed Aug  5 03:11:56 IST 2026 U1=17/90 U2=17/30 u1_done=0 u2_done=0
Wed Aug  5 03:13:57 IST 2026 U1=17/90 U2=17/30 u1_done=0 u2_done=0
Wed Aug  5 03:15:57 IST 2026 U1=17/90 U2=17/30 u1_done=0 u2_done=0
Wed Aug  5 03:17:58 IST 2026 U1=17/90 U2=17/30 u1_done=0 u2_done=0
Wed Aug  5 03:19:59 IST 2026 U1=17/90 U2=17/30 u1_done=0 u2_done=0
Wed Aug  5 03:19:59 IST 2026 partial rsync ok U1=17 U2=17
Wed Aug  5 03:21:02 IST 2026 puller start (independent U1/U2 finalize; poll=120s)
Wed Aug  5 03:21:02 IST 2026 U1=17/90 last=dp/a=0.2/s=4 | U2=17/30 last=dp/a=0.2/s=4 | alive|u1=1|u2=1 u1_done=0 u2_done=0
Wed Aug  5 03:21:03 IST 2026 partial rsync ok U1=17 U2=17
Wed Aug  5 03:23:03 IST 2026 U1=17/90 last=dp/a=0.2/s=4 | U2=17/30 last=dp/a=0.2/s=4 | alive|u1=1|u2=1 u1_done=0 u2_done=0
Wed Aug  5 03:25:03 IST 2026 U1=18/90 last=dp/a=0.2/s=5 | U2=17/30 last=dp/a=0.2/s=4 | alive|u1=1|u2=1 u1_done=0 u2_done=0
Wed Aug  5 03:27:04 IST 2026 U1=18/90 last=dp/a=0.2/s=5 | U2=18/30 last=dp/a=0.2/s=5 | alive|u1=1|u2=1 u1_done=0 u2_done=0
Wed Aug  5 03:29:04 IST 2026 U1=18/90 last=dp/a=0.2/s=5 | U2=18/30 last=dp/a=0.2/s=5 | alive|u1=1|u2=1 u1_done=0 u2_done=0
Wed Aug  5 03:30:07 IST 2026 puller start (independent U1/U2 finalize; poll=120s; count-up summarize)
Wed Aug  5 03:30:07 IST 2026 U1=18/90 last=dp/a=0.2/s=5 | U2=18/30 last=dp/a=0.2/s=5 | alive|u1=1|u2=1 u1_done=0 u2_done=0
Wed Aug  5 03:30:08 IST 2026 count-up rsync+summarize U1=18 (was -1) U2=18 (was -1)
Wed Aug  5 03:30:09 IST 2026 partial rsync ok U1=18 U2=18
Wed Aug  5 03:32:09 IST 2026 U1=18/90 last=dp/a=0.2/s=5 | U2=18/30 last=dp/a=0.2/s=5 | alive|u1=1|u2=1 u1_done=0 u2_done=0
Wed Aug  5 03:34:10 IST 2026 U1=18/90 last=dp/a=0.2/s=5 | U2=18/30 last=dp/a=0.2/s=5 | alive|u1=1|u2=1 u1_done=0 u2_done=0
Wed Aug  5 03:36:10 IST 2026 U1=18/90 last=dp/a=0.2/s=5 | U2=18/30 last=dp/a=0.2/s=5 | alive|u1=1|u2=1 u1_done=0 u2_done=0
Wed Aug  5 03:38:10 IST 2026 U1=18/90 last=dp/a=0.2/s=5 | U2=18/30 last=dp/a=0.2/s=5 | alive|u1=1|u2=1 u1_done=0 u2_done=0
Wed Aug  5 03:40:11 IST 2026 U1=18/90 last=dp/a=0.2/s=5 | U2=18/30 last=dp/a=0.2/s=5 | alive|u1=1|u2=1 u1_done=0 u2_done=0
Wed Aug  5 03:40:12 IST 2026 partial rsync ok U1=18 U2=18
